// Jest Snapshot v1, https://goo.gl/fbAQLP

exports[`UserCard renderCorrectly 1`] = `
<div
  className="MuiPaper-root MuiCard-root sc-bdnxRM fjnpmH user-cards MuiPaper-elevation8 MuiPaper-rounded"
  data-testid="user-card"
>
  <div
    className="MuiCardContent-root"
  >
    abc
  </div>
  <div
    className="MuiCardContent-root"
  >
    Delhi
  </div>
</div>
`;
