// Jest Snapshot v1, https://goo.gl/fbAQLP

exports[`UserCard renderCorrectly 1`] = `
<div
  className="MuiGrid-root makeStyles-root-2 MuiGrid-item"
>
  <div
    className="MuiPaper-root MuiCard-root makeStyles-usercard-1 MuiPaper-elevation8 MuiPaper-rounded"
    data-testid="user-card"
  >
    <div
      className="MuiCardContent-root"
    >
      abc
    </div>
    <div
      className="MuiCardContent-root"
    >
      Delhi
    </div>
  </div>
</div>
`;
